Citation metadata are valid according to schema version 1.2.0.
